stm32f3xx_hal_msp.c:66:6:HAL_MspInit	16	static
stm32f3xx_hal_msp.c:90:6:HAL_TIM_Base_MspInit	40	static
stm32f3xx_hal_msp.c:144:6:HAL_TIM_IC_MspInit	64	static
stm32f3xx_hal_msp.c:260:6:HAL_TIM_PWM_MspInit	8	static
stm32f3xx_hal_msp.c:276:6:HAL_TIM_MspPostInit	48	static
stm32f3xx_hal_msp.c:317:6:HAL_TIM_Base_MspDeInit	0	static
stm32f3xx_hal_msp.c:383:6:HAL_TIM_IC_MspDeInit	8	static
stm32f3xx_hal_msp.c:477:6:HAL_TIM_PWM_MspDeInit	0	static
stm32f3xx_hal_msp.c:499:6:HAL_UART_MspInit	64	static
stm32f3xx_hal_msp.c:594:6:HAL_UART_MspDeInit	8	static
