stm32f3xx_hal_msp.c:66:6:HAL_MspInit	16	static
stm32f3xx_hal_msp.c:90:6:HAL_TIM_Base_MspInit	16	static
stm32f3xx_hal_msp.c:115:6:HAL_TIM_IC_MspInit	56	static
stm32f3xx_hal_msp.c:205:6:HAL_TIM_PWM_MspInit	8	static
stm32f3xx_hal_msp.c:221:6:HAL_TIM_MspPostInit	48	static
stm32f3xx_hal_msp.c:262:6:HAL_TIM_Base_MspDeInit	0	static
stm32f3xx_hal_msp.c:287:6:HAL_TIM_IC_MspDeInit	8	static
stm32f3xx_hal_msp.c:355:6:HAL_TIM_PWM_MspDeInit	0	static
stm32f3xx_hal_msp.c:377:6:HAL_UART_MspInit	40	static
stm32f3xx_hal_msp.c:416:6:HAL_UART_MspDeInit	8	static
